[www.biggames.io/index.html]
[backblue.gif]
[fade.gif]
[index.html]
[bigblog-storage.s3.us-east-1.amazonaws.com/Logo.png]
[www.biggames.io/apple-touch-icon.png]
[www.biggames.io/favicon-32x32.png]
[www.biggames.io/favicon-16x16.png]
[www.biggames.io/site.webmanifest]
[www.biggames.io/safari-pinned-tab.svg]
[www.biggames.io/_next/static/css/2438be7e5993b829.css]
[www.biggames.io/_next/static/chunks/polyfills-5cd94c89d3acac5f.js]
[www.biggames.io/_next/static/chunks/webpack-df4cf1c8d23aa877.js]
[www.biggames.io/_next/static/chunks/framework-fc97f3f1282ce3ed.js]
[www.biggames.io/_next/static/chunks/main-7f20fca650af4d2b.js]
[www.biggames.io/_next/static/chunks/pages/_app-7c5de9da0d09ddac.js]
[www.biggames.io/_next/static/chunks/872-5a9c1b080030df4f.js]
[www.biggames.io/_next/static/chunks/409-4d4aa865c3afc9f7.js]
[www.biggames.io/_next/static/chunks/pages/index-4dec21ac69d6985b.js]
[www.biggames.io/_next/static/y-N199h_Hv1jWNYP6qOkg/_buildManifest.js]
[www.biggames.io/_next/static/y-N199h_Hv1jWNYP6qOkg/_ssgManifest.js]
[www.biggames.io/_next/static/y-N199h_Hv1jWNYP6qOkg/_middlewareManifest.js]
[www.biggames.io/_next/static/media/bigGames.66f7ea84.svg]
[www.biggames.io/post.html]
[www.biggames.io/_next/static/media/discord.763c98ce.svg]
[www.biggames.io/_next/static/media/yt.cd1802ae.svg]
[www.biggames.io/_next/site21118.png]
[www.biggames.io/_next/site1a27e.png]
[www.biggames.io/_next/blogd241.jpg]
[www.biggames.io/_next/blogbbce.jpg]
[www.biggames.io/index-2.html]
[www.biggames.io/_next/static/media/imgSliderArrowLeft.b72fdc16.svg]
[www.biggames.io/_next/static/media/imgSliderArrowRight.e631e21d.svg]
[www.biggames.io/_next/Png1c44.png]
[www.biggames.io/_next/Pnga172.png]
[www.biggames.io/_next/Png1a4a.png]
[www.biggames.io/_next/Png18f2.png]
[www.biggames.io/_next/Png992f.png]
[www.biggames.io/_next/Png059d.png]
[www.biggames.io/_next/petsimcate2d1.png]
[www.biggames.io/index.html]
[www.biggames.io/404]
[www.biggames.io/_next/static/css/2438be7e5993b829.css]
[www.biggames.io/_next/static/media/closingX.d4f7fc93.svg]
[www.biggames.io/_next/static/media/bigGames.66f7ea84.svg]
[www.biggames.io/_next/static/chunks/pages/post-ee8da15532798aa7.js]
[www.biggames.io/post/category/pet-simulator-x.html]
[www.biggames.io/post/category/big-paintball.html]
[www.biggames.io/post/category/pet-simulator-2.html]
[www.biggames.io/post/category/build-and-survive.html]
[www.biggames.io/post/category/pet-simulator-1.html]
[www.biggames.io/post/category/other.html]
[www.biggames.io/_next/gameicon_doodleP2_finalfbbb.png]
[www.biggames.io/_next/gameicon_doodleP2_finalf45d.png]
[www.biggames.io/post/pet-simulator-x-doodle-world-update-part-2.html]
[www.biggames.io/post/pet-simulator-x-neon-update.html]
[www.biggames.io/_next/gameicon_glowstick_finaleaa2.png]
[www.biggames.io/_next/gameicon_glowstick_final73da.png]
[www.biggames.io/post/pet-simulator-x-doodle-world-update.html]
[www.biggames.io/_next/gameicon_doodleP1-finalac0c.png]
[www.biggames.io/_next/gameicon_doodleP1-final33fa.png]
[www.biggames.io/post/pet-simulator-x-rainbow-lucky-block-update.html]
[www.biggames.io/_next/gameicon_lucky-luckyblocks_rainbowcc2c.png]
[www.biggames.io/_next/gameicon_lucky-luckyblocks_rainbowbebd.png]
[www.biggames.io/post/pet-simulator-x-new-years-2023-update.html]
[www.biggames.io/_next/gameicon_party-crowns_hi-res2d31.png]
[www.biggames.io/_next/gameicon_party-crowns_hi-res2228.png]
[www.biggames.io/post/pet-simulator-x-christmas-2022-update-part-2.html]
[www.biggames.io/_next/gameicon_titanicb5e6.png]
[www.biggames.io/_next/gameicon_titanic8116.png]
[www.biggames.io/post/pet-simulator-x-christmas-2022-update-part-1.html]
[www.biggames.io/_next/gameicon_nutcracker_v2477f.png]
[www.biggames.io/_next/gameicon_nutcracker_v2234f.png]
[www.biggames.io/post/pet-simulator-x-shiny-update.html]
[www.biggames.io/_next/gameicon_shiny_v241ba.png]
[www.biggames.io/_next/gameicon_shiny_v244fd.png]
[www.biggames.io/post/pet-simulator-x-anime-update.html]
[www.biggames.io/_next/gameicon_anime_finalbd09.png]
[www.biggames.io/_next/gameicon_anime_final3e49.png]
[www.biggames.io/post/pet-simulator-x-lucky-block-update.html]
[www.biggames.io/_next/gameicon_lucky-luckyblocks4103.png]
[www.biggames.io/_next/gameicon_lucky-luckyblocks0b51.png]
[www.biggames.io/post.html]
[www.biggames.io/_next/static/media/lupe.f31b6432.svg]
[www.biggames.io/_next/static/media/discord.763c98ce.svg]
[www.biggames.io/_next/static/media/twitter.c1a489e1.svg]
[www.biggames.io/_next/static/media/yt.cd1802ae.svg]
[www.biggames.io/_next/static/media/hamburger.48056bf1.svg]
[www.biggames.io/_next/static/media/bag.a179b4b7.svg]
[www.biggames.io/index-2.html]
[www.biggames.io/_next/static/media/arrow.69d54574.svg]
[www.biggames.io/_next/static/media/arrowGrey.d576127a.svg]
[www.biggames.io/_next/static/media/imgSliderArrowLeft.b72fdc16.svg]
[www.biggames.io/_next/static/media/imgSliderArrowRight.e631e21d.svg]
[www.biggames.io/_next/static/media/plus.9d60f3d3.svg]
[www.biggames.io/2ndScreen.svg]
[www.biggames.io/2ndScreenLarge.svg]
[www.biggames.io/post/category/pet-simulator-x.html]
[www.biggames.io/_next/static/chunks/pages/post/category/pet-simulator-x-daee427c531a670a.js]
[www.biggames.io/_next/static/chunks/pages/post/category/big-paintball-ce6a905f7e3496c5.js]
[www.biggames.io/_next/Update_4_611c116ac4971e.png]
[www.biggames.io/_next/Update_4_611c116ac41540.png]
[www.biggames.io/post/big-paintball-update-4.html]
[www.biggames.io/post/big-paintball-update-3.html]
[www.biggames.io/_next/Update_3_13170d6725cee8.png]
[www.biggames.io/_next/Update_3_13170d6725c67e.png]
[www.biggames.io/post/big-paintball-update-2.html]
[www.biggames.io/_next/Alpha_921d75ee6cf5f6.png]
[www.biggames.io/_next/Alpha_921d75ee6cdf0c.png]
[www.biggames.io/post/big-paintball-update-1.html]
[www.biggames.io/_next/Update_1_e095df5f862b5e.png]
[www.biggames.io/_next/Update_1_e095df5f86ec38.png]
[www.biggames.io/post/category/big-paintball.html]
[www.biggames.io/_next/static/chunks/pages/post/category/pet-simulator-2-28150ce0e6baa417.js]
[www.biggames.io/_next/Update_4_20e3f724f1049b.png]
[www.biggames.io/_next/Update_4_20e3f724f1eacd.png]
[www.biggames.io/post/pet-simulator-2-update-4.html]
[www.biggames.io/post/pet-simulator-2-update-3.html]
[www.biggames.io/_next/Update_3_d7db459794f82e.png]
[www.biggames.io/_next/Update_3_d7db459794b7f9.png]
[www.biggames.io/post/pet-simulator-2-update-2.html]
[www.biggames.io/_next/Update_2_021d692bbde5dc.png]
[www.biggames.io/_next/Update_2_021d692bbdaa55.png]
[www.biggames.io/post/pet-simulator-2-update-1.html]
[www.biggames.io/_next/Update_1_807708355128cc.png]
[www.biggames.io/_next/Update_1_8077083551b1b3.png]
[www.biggames.io/post/the-worlds-of-pet-simulator-2.html]
[www.biggames.io/_next/jfhr_Avz_Fl8_79191a105111a4.png]
[www.biggames.io/_next/jfhr_Avz_Fl8_79191a1051ddd7.png]
[www.biggames.io/post/pets-pets-and-more-pets.html]
[www.biggames.io/_next/Aeck2h_Lk_Wd_91fca36e62c64e.png]
[www.biggames.io/_next/Aeck2h_Lk_Wd_91fca36e620463.png]
[www.biggames.io/post/category/pet-simulator-2.html]
[www.biggames.io/_next/static/chunks/pages/post/category/build-and-survive-3fe2837f2fee3308.js]
[www.biggames.io/_next/Update_2_a5eb676186e761.png]
[www.biggames.io/_next/Update_2_a5eb6761865623.png]
[www.biggames.io/post/build-and-survive-update-2.html]
[www.biggames.io/post/build-and-survive-update-1.html]
[www.biggames.io/_next/Update_1_d36865e0fd2c4a.png]
[www.biggames.io/_next/Update_1_d36865e0fdea86.png]
[www.biggames.io/post/category/build-and-survive.html]
[www.biggames.io/_next/static/chunks/pages/post/category/pet-simulator-1-8e570a462e35fc0b.js]
[www.biggames.io/_next/Icon18_8264be795496dc.png]
[www.biggames.io/_next/Icon18_8264be79542214.png]
[www.biggames.io/post/pet-simulator-update-15-final.html]
[www.biggames.io/post/pet-simulator-update-14.html]
[www.biggames.io/_next/Icon17_cffe4ed5ad15b2.png]
[www.biggames.io/_next/Icon17_cffe4ed5aded87.png]
[www.biggames.io/post/pet-simulator-update-13.html]
[www.biggames.io/_next/Icon16_b6c94154374405.png]
[www.biggames.io/_next/Icon16_b6c941543739d4.png]
[www.biggames.io/post/pet-simulator-update-12.html]
[www.biggames.io/_next/Icon15_5_7e887dd391d922.png]
[www.biggames.io/_next/Icon15_5_7e887dd391665a.png]
[www.biggames.io/post/pet-simulator-update-11.html]
[www.biggames.io/_next/Icon15_0c772f58053df6.png]
[www.biggames.io/_next/Icon15_0c772f5805b2fd.png]
[www.biggames.io/post/pet-simulator-update-10.html]
[www.biggames.io/_next/Icon14_5_215b0985d511c8.png]
[www.biggames.io/_next/Icon14_5_215b0985d5f591.png]
[www.biggames.io/post/pet-simulator-update-9.html]
[www.biggames.io/_next/Icon13_8a805653f51c40.png]
[www.biggames.io/_next/Icon13_8a805653f52290.png]
[www.biggames.io/post/pet-simulator-update-8.html]
[www.biggames.io/_next/Icon12_aa5f9920500fc6.png]
[www.biggames.io/_next/Icon12_aa5f9920508fb1.png]
[www.biggames.io/post/pet-simulator-update-7.html]
[www.biggames.io/_next/Icon11_74870b5163000a.png]
[www.biggames.io/_next/Icon11_74870b51638366.png]
[www.biggames.io/post/pet-simulator-update-6.html]
[www.biggames.io/_next/Icon10_a6c6d15be5139e.png]
[www.biggames.io/_next/Icon10_a6c6d15be59fb2.png]
[www.biggames.io/post/category/pet-simulator-1.html]
[www.biggames.io/post/category/other.html]
[www.biggames.io/_next/static/chunks/pages/post/category/other-c9ad13b77ebae124.js]
[www.biggames.io/_next/static/chunks/653-82e155f704d4ab73.js]
[www.biggames.io/_next/static/chunks/pages/post/[id]-bab53c605d0acbbf.js]
[bigblog-storage.s3.amazonaws.com/6_85f8c35a5f.png]
[bigblog-storage.s3.amazonaws.com/b_fixed_1850b44441.png]
[bigblog-storage.s3.amazonaws.com/2_FIXED_2_ad24d22bbc.png]
[bigblog-storage.s3.amazonaws.com/b_2052fef807.png]
[bigblog-storage.s3.amazonaws.com/Plush_5556fcd702.png]
[www.biggames.io/_next/static/media/shareButton.68c7495d.svg]
[www.biggames.io/developer-blogs/categories/pet-simulator-x]
[www.biggames.io/post/pet-simulator-x-doodle-world-update-part-2.html]
[bigblog-storage.s3.amazonaws.com/23_848ce3091a.png]
[bigblog-storage.s3.amazonaws.com/Zkh_CCB_Vx_749e341788.png]
[bigblog-storage.s3.amazonaws.com/ZA_Hs_Jpn6_090e1c16d5.png]
[bigblog-storage.s3.amazonaws.com/dm_F2_Vw_Tn_16ad8ecd35.png]
[bigblog-storage.s3.amazonaws.com/6s1_C4_LAA_84537a7a20.png]
[bigblog-storage.s3.amazonaws.com/ES_d98d75bea5.png]
[bigblog-storage.s3.amazonaws.com/ezgif_com_gif_maker_44_575c59439d.gif]
[bigblog-storage.s3.amazonaws.com/3_0e25c85d68.png]
[www.biggames.io/post/pet-simulator-x-neon-update.html]
[bigblog-storage.s3.amazonaws.com/KB_To_SCZ_8_b755d9e2a2.png]
[bigblog-storage.s3.amazonaws.com/oi_I_Uy_O_Rh_fccd97c9f2.png]
[bigblog-storage.s3.amazonaws.com/6_Th9ch_N1_6208059754.png]
[bigblog-storage.s3.amazonaws.com/PZ_Oa_C9as_3b104dbff4.png]
[bigblog-storage.s3.amazonaws.com/V_Newtf_Yz_d828bce1da.png]
[bigblog-storage.s3.amazonaws.com/Cartoon_Coin_1c5eadb721.png]
[bigblog-storage.s3.amazonaws.com/j_X_Rn_Xr_TF_cbb773eaef.png]
[bigblog-storage.s3.amazonaws.com/ku_It_W_Cuv_1e176ab187.png]
[bigblog-storage.s3.amazonaws.com/ezgif_com_gif_maker_42_918ef8e120.gif]
[bigblog-storage.s3.amazonaws.com/f_Vd_Uhn_HW_02d9a7a84a.png]
[www.biggames.io/post/pet-simulator-x-doodle-world-update.html]
[bigblog-storage.s3.amazonaws.com/1_c08b1a99ec.png]
[bigblog-storage.s3.amazonaws.com/2_1ff2c9febf.png]
[bigblog-storage.s3.amazonaws.com/3_fbf54f4252.png]
[bigblog-storage.s3.amazonaws.com/8_7a1f2790be.gif]
[bigblog-storage.s3.amazonaws.com/7_e2ddf76487.png]
[bigblog-storage.s3.amazonaws.com/6_9d42135afa.png]
[bigblog-storage.s3.amazonaws.com/4_7d7f972fab.png]
[bigblog-storage.s3.amazonaws.com/5_e6c5f862ca.png]
[bigblog-storage.s3.amazonaws.com/10_18658ffd0a.png]
[www.biggames.io/post/pet-simulator-x-rainbow-lucky-block-update.html]
[bigblog-storage.s3.amazonaws.com/BF_Bb_Pn2_T_2869b4c8f3.png]
[bigblog-storage.s3.amazonaws.com/5_YA_4gz0_I_4b69fb66ff.png]
[bigblog-storage.s3.amazonaws.com/ig_V_Ky3zh_4c57e6d900.png]
[bigblog-storage.s3.amazonaws.com/M6_Ac_RE_3_Y_bd3377de82.png]
[bigblog-storage.s3.amazonaws.com/u_Q5_Mg_Pn6_9e60c93c18.png]
[bigblog-storage.s3.amazonaws.com/v3_P_Wl_Gjr_0f3c902cde.png]
[bigblog-storage.s3.amazonaws.com/gzcjx_Ir_H_a5743bdeeb.png]
[bigblog-storage.s3.amazonaws.com/LT_Km3o_NB_c97d933ede.png]
[bigblog-storage.s3.amazonaws.com/ZH_Us9_Hci_bb1d72aa2b.png]
[bigblog-storage.s3.amazonaws.com/ezgif_com_gif_maker_39_9106c96adb.gif]
[bigblog-storage.s3.amazonaws.com/d_U9pda_Pu_8fa224b997.png]
[www.biggames.io/post/pet-simulator-x-new-years-2023-update.html]
[bigblog-storage.s3.amazonaws.com/1_37faf88576.png]
[bigblog-storage.s3.amazonaws.com/ezgif_com_gif_maker_3_3ef915cc1f.gif]
[bigblog-storage.s3.amazonaws.com/2_cb8b19ec86.png]
[bigblog-storage.s3.amazonaws.com/Roblox_Studio_Beta_ln_Qp766cb5_470162f6f3.png]
[bigblog-storage.s3.amazonaws.com/Roblox_Studio_Beta_xw_P24f8_Dd_A_36c5da22d4.png]
[bigblog-storage.s3.amazonaws.com/Roblox_Studio_Beta_isztrm_Drhc_f529accac0.png]
[bigblog-storage.s3.amazonaws.com/Roblox_Studio_Beta_XDBA_Qh_XX_Nk_e151b1c9a9.png]
[bigblog-storage.s3.amazonaws.com/ezgif_com_gif_maker_1_9b45faa98d.gif]
[bigblog-storage.s3.amazonaws.com/Roblox_Studio_Beta_y_I4_X_Cq_WQ_As_86185376e5.png]
[bigblog-storage.s3.amazonaws.com/Roblox_Studio_Beta_Z87_TUYS_77h_bbb5d623ee.png]
[bigblog-storage.s3.amazonaws.com/Roblox_Studio_Beta_W_Zv_BYA_Cjec_9cb5b460fb.png]
[www.biggames.io/post/pet-simulator-x-christmas-2022-update-part-2.html]
[bigblog-storage.s3.amazonaws.com/Winter_Thumbnail_3f8d2f6cb8.png]
[bigblog-storage.s3.amazonaws.com/V0_Xq_Eyxl_2a4d9d390c.png]
[bigblog-storage.s3.amazonaws.com/e_W0u_Bc_Yr_740ac7a865.png]
[bigblog-storage.s3.amazonaws.com/C_Rv_FP_Zds_7cc9f7e272.png]
[bigblog-storage.s3.amazonaws.com/m_HL_Je_A_Tf_37dc2ad1d6.png]
[bigblog-storage.s3.amazonaws.com/J_Gw_Bd_SE_9_04e79f270a.png]
[bigblog-storage.s3.amazonaws.com/1_U2l4_Ps_K_3d12d3248e.png]
[bigblog-storage.s3.amazonaws.com/j_V_Hsffx8_7e50f62c05.png]
[bigblog-storage.s3.amazonaws.com/Wj_J_Jh3_Hc_1ba189763e.png]
[bigblog-storage.s3.amazonaws.com/Gxs_Fw_U_Dk_c1628b0ad1.png]
[bigblog-storage.s3.amazonaws.com/zd_Pq3_Gk_E_39267cd80b.png]
[bigblog-storage.s3.amazonaws.com/Cd_Mccvo_C_0ade054610.png]
[bigblog-storage.s3.amazonaws.com/Fo_Mbhnl_D_b1f78fc97d.png]
[bigblog-storage.s3.amazonaws.com/M_Ab_Xs_K_Ld_0d2f7daf4e.png]
[bigblog-storage.s3.amazonaws.com/M_Kak5_G52_963a134f5b.png]
[bigblog-storage.s3.amazonaws.com/u1q_T6_TS_9_4357b1c025.png]
[bigblog-storage.s3.amazonaws.com/VM_Ohoshc_0fe8ef3483.png]
[bigblog-storage.s3.amazonaws.com/Kf_CR_0m71_8d6bcf5392.png]
[bigblog-storage.s3.amazonaws.com/s_XA_Pv_W6_T_a426553ec3.png]
[www.biggames.io/post/pet-simulator-x-christmas-2022-update-part-1.html]
[bigblog-storage.s3.amazonaws.com/shine_02dd174fb6.gif]
[bigblog-storage.s3.amazonaws.com/VZ_9_V6x8s_377e7b246e.png]
[bigblog-storage.s3.amazonaws.com/39f77jzr_e73ee69727.png]
[bigblog-storage.s3.amazonaws.com/Signed_76b8ac60ef.gif]
[bigblog-storage.s3.amazonaws.com/Signed2_1d8b370958.gif]
[www.biggames.io/post/shop.biggames.html]
[bigblog-storage.s3.amazonaws.com/image_2053a11aca.png]
[bigblog-storage.s3.amazonaws.com/A92tm9_WZ_3bfb3e3c85.png]
[bigblog-storage.s3.amazonaws.com/ukw_QWKTK_5571abdaed.png]
[bigblog-storage.s3.amazonaws.com/gw_Dz_RA_97_1bf399f188.png]
[bigblog-storage.s3.amazonaws.com/Yhh_F_Zl_YD_b8583768d6.png]
[bigblog-storage.s3.amazonaws.com/o_H_Ny0m03_d556cd5e7a.png]
[bigblog-storage.s3.amazonaws.com/n_PU_3ibf_P_c93cd8e404.png]
[www.biggames.io/post/pet-simulator-x-shiny-update.html]
[bigblog-storage.s3.amazonaws.com/cz63t6_IB_806372c014.png]
[bigblog-storage.s3.amazonaws.com/Anime2_b5e7871c2a.gif]
[bigblog-storage.s3.amazonaws.com/Anime1_16e34feb81.gif]
[bigblog-storage.s3.amazonaws.com/Anime3_8e9e4fbb8a.gif]
[bigblog-storage.s3.amazonaws.com/z_YF_0ca_Zb_2765991909.png]
[bigblog-storage.s3.amazonaws.com/Jo_B22_Hle_94ad0e15f6.png]
[bigblog-storage.s3.amazonaws.com/szb_La_MTR_3d4429ae96.png]
[bigblog-storage.s3.amazonaws.com/f_Kw2p6_Gy_52d8c394de.png]
[bigblog-storage.s3.amazonaws.com/2y_Jiuy_ZJ_b3203eecb5.png]
[bigblog-storage.s3.amazonaws.com/uj2o6_R_Tm_b7a220fda2.png]
[bigblog-storage.s3.amazonaws.com/YGQ_Ei_J09_ff402644d1.png]
[bigblog-storage.s3.amazonaws.com/Z2l_K4yn_C_2b42aa461f.png]
[www.biggames.io/post/pet-simulator-x-anime-update.html]
[bigblog-storage.s3.amazonaws.com/1_fb5a73beec.png]
[bigblog-storage.s3.amazonaws.com/2_f55d272efa.png]
[bigblog-storage.s3.amazonaws.com/3_8330262e4b.png]
[bigblog-storage.s3.amazonaws.com/4_465c416646.png]
[bigblog-storage.s3.amazonaws.com/5_90005464ce.png]
[bigblog-storage.s3.amazonaws.com/6_a254d06f09.png]
[bigblog-storage.s3.amazonaws.com/7_e27c6d4542.png]
[bigblog-storage.s3.amazonaws.com/8_f9c7763302.png]
[www.biggames.io/post/pet-simulator-x-lucky-block-update.html]
[www.biggames.io/post/discord.biggames.html]
[bigblog-storage.s3.amazonaws.com/81ec46_51e3362ff1024fc098c38de63c63ad33_mv2_2ce18af44e.png]
[bigblog-storage.s3.amazonaws.com/81ec46_a7ea4f704f6b485d8d1e3640a950c92e_mv2_33600c4e79.png]
[bigblog-storage.s3.amazonaws.com/81ec46_2aa9c46550444a84b6f960aec78024ff_mv2_d1060c710b.png]
[bigblog-storage.s3.amazonaws.com/81ec46_e39316a4f83545fba2a71056a15eac22_mv2_06ca8ca0b6.png]
[bigblog-storage.s3.amazonaws.com/81ec46_9df4825c8b344383a3eb8518fc6386ca_mv2_b74f70d87a.png]
[bigblog-storage.s3.amazonaws.com/81ec46_96822e31f77640ef919eb74d8f326444_mv2_9f7d1d85e8.png]
[www.biggames.io/post/big-paintball-update-4.html]
[bigblog-storage.s3.amazonaws.com/4d34f5_a14180e42fdb407c9901d4ad1b9f5062_mv2_7f9be41956.png]
[bigblog-storage.s3.amazonaws.com/4d34f5_095da51c1fcc4803b403ab2585e3c5d0_mv2_9b859a748a.png]
[bigblog-storage.s3.amazonaws.com/4d34f5_f9b9a141a9004b8c8491bc8bfdab33ca_mv2_9ee5a2b51e.png]
[bigblog-storage.s3.amazonaws.com/4d34f5_ec24016bd07f4ddaa1ce09d427b21703_mv2_cbd953f54b.png]
[bigblog-storage.s3.amazonaws.com/4d34f5_4e8dbb9357264794961ccb021c577c1c_mv2_4c250fe075.png]
[www.biggames.io/post/big-paintball-update-3.html]
[bigblog-storage.s3.amazonaws.com/4d34f5_f90d955cbc57417796830483486f42b9_mv2_7cc1140b53.png]
[bigblog-storage.s3.amazonaws.com/4d34f5_5bc4aaa459b4405fb1c2aaef697906a6_mv2_9007c6ec9d.png]
[bigblog-storage.s3.amazonaws.com/4d34f5_0cac2447bb34478c9868bb77c7b766b3_mv2_e04a0f3bf2.png]
[bigblog-storage.s3.amazonaws.com/4d34f5_87ea49381d944362b0e077306fb58fe2_mv2_a273cb75d4.png]
[www.biggames.io/post/big-paintball-update-2.html]
[bigblog-storage.s3.amazonaws.com/4d34f5_7b8e0d36deb64b6ea7f4ea01fe7a8b45_mv2_b9ea01a2bc.png]
[bigblog-storage.s3.amazonaws.com/4d34f5_28e6021a63cf4792b7f74f84988ef248_mv2_65360874b2.png]
[bigblog-storage.s3.amazonaws.com/4d34f5_1a8ed6dd6e4e40b9a167823581e17f04_mv2_78293685f2.png]
[www.biggames.io/post/big-paintball-update-1.html]
[bigblog-storage.s3.amazonaws.com/81ec46_c248534fe65e4ea19f4feeb52e142498_mv2_8178338fff.png]
[bigblog-storage.s3.amazonaws.com/81ec46_37638374cfcf4c05903e2b354d54bcd9_mv2_ac84222752.jpg]
[bigblog-storage.s3.amazonaws.com/81ec46_f5444cb98046467bbc808a3e29a61192_mv2_44e26c05ae.png]
[bigblog-storage.s3.amazonaws.com/81ec46_d46dc6d8f6f34feaa5e3f27c9dc531be_mv2_aef4051ef4.jpg]
[bigblog-storage.s3.amazonaws.com/81ec46_87f5229a9d97440fb4189d1b933bb52f_mv2_6371218971.gif]
[www.biggames.io/post/pet-simulator-2-update-4.html]
[bigblog-storage.s3.amazonaws.com/81ec46_9d0184633e97418cbedf1ab01fc3aa31_mv2_ccaca8cb91.png]
[bigblog-storage.s3.amazonaws.com/81ec46_b4f0f15ec85440ec8a4b725670be1a90_mv2_19429ba26d.png]
[bigblog-storage.s3.amazonaws.com/81ec46_243f0c64218d40248099d2956968df8b_mv2_d31771900b.png]
[www.biggames.io/post/pet-simulator-2-update-3.html]
[bigblog-storage.s3.amazonaws.com/81ec46_e56910046d7b45b5b65e27f28f387b4a_mv2_e23e1d557f.png]
[bigblog-storage.s3.amazonaws.com/a27d24_3a3c2303d3f6446da8355c445bc6abd1_mv2_1bb3728abe.jpg]
[bigblog-storage.s3.amazonaws.com/81ec46_d1d9821ef53c4847a3bee5c2a24a48dc_mv2_d481d846ba.png]
[www.biggames.io/post/pet-simulator-2-update-2.html]
[bigblog-storage.s3.amazonaws.com/81ec46_513d542f0b624ee584ea7b691146ed94_mv2_2b66d7c8a6.png]
[bigblog-storage.s3.amazonaws.com/81ec46_019b50579349494b9fe5e100566d35c4_mv2_63065a57ca.png]
[bigblog-storage.s3.amazonaws.com/81ec46_39c9fe15396444cc9c5b093e9c52714d_mv2_f06997d7bc.png]
[bigblog-storage.s3.amazonaws.com/81ec46_105c1a8c607f4ddaa352a14e0883f65b_mv2_3bc98dd35d.png]
[bigblog-storage.s3.amazonaws.com/81ec46_06e73450a39a41c4b3eb539fae5f93fc_mv2_4c9688e541.png]
[www.biggames.io/post/pet-simulator-2-update-1.html]
[bigblog-storage.s3.amazonaws.com/81ec46_09deaa3bd6014780ae1e81338a571e2f_mv2_58705c2783.png]
[bigblog-storage.s3.amazonaws.com/81ec46_15860a64cb8149ae8de2352bc34d559d_mv2_823731e005.png]
[bigblog-storage.s3.amazonaws.com/81ec46_7b5e4b81b1f3448399b71d46c5bde89e_mv2_ed2781f3f4.png]
[bigblog-storage.s3.amazonaws.com/81ec46_6f4fa27a27d74c1eba0ed5575fb92b95_mv2_9ea95e0ecd.png]
[bigblog-storage.s3.amazonaws.com/81ec46_b71d2a1092654fa38176ac99bcbea1d7_mv2_f495568515.png]
[bigblog-storage.s3.amazonaws.com/81ec46_27f4ae452967405a82819ba12d87fee5_mv2_92e0a1f300.png]
[bigblog-storage.s3.amazonaws.com/81ec46_f0aeda7a01ea4099b1dcb05375bc6947_mv2_e89ac8e7c8.png]
[www.biggames.io/post/the-worlds-of-pet-simulator-2.html]
[bigblog-storage.s3.amazonaws.com/81ec46_39156d93903b4b85b85324d33e9698b9_mv2_e1a661704c.png]
[bigblog-storage.s3.amazonaws.com/81ec46_7fa468286073419a89fb094724d67f93_mv2_7a3627853e.png]
[bigblog-storage.s3.amazonaws.com/81ec46_72f9a6207a564c1089a4c7377c073697_mv2_d_1600_1200_s_2_8eb6f8f8d0.png]
[bigblog-storage.s3.amazonaws.com/81ec46_9fce88b862fa4fc883352d69c22c2934_mv2_1e55a76b4a.png]
[bigblog-storage.s3.amazonaws.com/81ec46_aa9997dbd32b47a489139fec062287b5_mv2_892687ddcf.png]
[bigblog-storage.s3.amazonaws.com/81ec46_99895b5d7a0848548fa4e4655080798b_mv2_d4bd928fa5.png]
[bigblog-storage.s3.amazonaws.com/81ec46_e8169a2148c84208a146858b2e931606_mv2_287eb3642c.gif]
[www.biggames.io/post/pets-pets-and-more-pets.html]
[www.biggames.io/post/build-and-survive-update-2.html]
[www.biggames.io/post/build-and-survive-update-1.html]
[bigblog-storage.s3.amazonaws.com/81ec46_b499b97d3c2e45cda508892f2cd00b78_mv2_c23dba03ca.gif]
[www.biggames.io/post/pet-simulator-update-15-final.html]
[bigblog-storage.s3.amazonaws.com/81ec46_59cb3e68f6534186b729a10e6a1ae0e0_mv2_3935b3eb2a.png]
[bigblog-storage.s3.amazonaws.com/81ec46_e14b39a2109545b5a73bac0dbfa6d3bd_mv2_a07ec40b7c.png]
[www.biggames.io/post/pet-simulator-update-14.html]
[bigblog-storage.s3.amazonaws.com/81ec46_4cafa80e9c06434cb00868fc50445a00_mv2_b3618d6cd7.jpg]
[bigblog-storage.s3.amazonaws.com/81ec46_a74a69819b2042eeb92bc3f9f7c5f772_mv2_2b49d36a14.jpg]
[www.biggames.io/post/pet-simulator-update-13.html]
[bigblog-storage.s3.amazonaws.com/81ec46_d206a845df0f4f3a830df3423cd14283_mv2_73d84e2d90.gif]
[bigblog-storage.s3.amazonaws.com/81ec46_706c11d4a27d48209f6037139c1ddecf_mv2_045c4a1014.png]
[bigblog-storage.s3.amazonaws.com/81ec46_b6539fd5961348209ceb6e75d4e46136_mv2_d50e3d1061.png]
[www.biggames.io/post/pet-simulator-update-12.html]
[bigblog-storage.s3.amazonaws.com/81ec46_22f2f9d92cda4badb28ab885b315c756_mv2_eb1eb398ab.png]
[bigblog-storage.s3.amazonaws.com/81ec46_bc513c287af14b4eb7ff735401525aed_mv2_15abd31918.png]
[bigblog-storage.s3.amazonaws.com/81ec46_e20d949dca7a4ae589617ac6a2f24709_mv2_b33454e160.png]
[www.biggames.io/post/pet-simulator-update-11.html]
[bigblog-storage.s3.amazonaws.com/81ec46_d8273550e6e14c6c979a8f48d921832e_mv2_1dbebbf757.jpg]
[bigblog-storage.s3.amazonaws.com/81ec46_8b57b6b6b6104c469298669692b1b234_mv2_f08a7438d5.png]
[bigblog-storage.s3.amazonaws.com/81ec46_f4049be103f1461e9b52050a5eec13bb_mv2_3674e14b3c.png]
[www.biggames.io/post/pet-simulator-update-10.html]
[bigblog-storage.s3.amazonaws.com/81ec46_97636d817481494487db7ce6d303d22c_mv2_581f48ad84.jpg]
[bigblog-storage.s3.amazonaws.com/81ec46_587faebe2da64ebea94ce24c8aff333d_mv2_5ea5c7ac46.png]
[bigblog-storage.s3.amazonaws.com/81ec46_cf2dcbdff99144419d3ed51077dabbbf_mv2_76ee403e61.png]
[www.biggames.io/post/pet-simulator-update-9.html]
[www.biggames.io/post/pet-simulator-update-8.html]
[www.biggames.io/post/pet-simulator-update-7.html]
[www.biggames.io/post/pet-simulator-update-6.html]
[www.biggames.io/_next/static/media/twitterBird.7ea8bc44.svg]
[www.biggames.io/_next/static/media/shareButton.68c7495d.svg]
[www.biggames.io/developer-blogs/categories/404]
[www.biggames.io/post/shop.biggames.html]
[www.biggames.io/post/discord.biggames.html]
